============================= test session starts =============================
platform win32 -- Python 3.13.4, pytest-9.0.2, pluggy-1.6.0 -- C:\Users\Asus\AppData\Local\Programs\Python\Python313\python.exe
cachedir: .pytest_cache
rootdir: C:\Users\Asus\Desktop\catrobat
plugins: anyio-4.9.0, cov-7.1.0
collecting ... collected 9 items

tests/test_prompt_builder.py::test_build_returns_string PASSED           [ 11%]
tests/test_prompt_builder.py::test_build_contains_system_context PASSED  [ 22%]
tests/test_prompt_builder.py::test_build_contains_narration_instruction PASSED [ 33%]
tests/test_prompt_builder.py::test_build_contains_all_event_types PASSED [ 44%]
tests/test_prompt_builder.py::test_build_contains_zone_names PASSED      [ 55%]
tests/test_prompt_builder.py::test_format_event_line_includes_timestamp PASSED [ 66%]
tests/test_prompt_builder.py::test_format_event_line_handles_null_organism PASSED [ 77%]
tests/test_prompt_builder.py::test_format_summary_block_shows_total_events PASSED [ 88%]
tests/test_prompt_builder.py::test_build_prompt_length_is_reasonable PASSED [100%]

============================== 9 passed in 0.13s ==============================
